0.22764649060058986,0.06849181846021263,0.06797346844477412,0.06771162448978932,0.06752356572452564,0.0673642960610612,0.06721648507825267,0.06707170217378333,0.06692514457854232,0.06677373500943533,0.0666153201352452,0.06644829614463531,0.0662714207778207,0.06608371343634398,0.06588439895768926,0.06567287398162631,0.0654486864256752,0.06521152513098408,0.06496122060777718,0.06469775973261249,0.06442131737151113,0.06413230621518404,0.06383144266622988,0.06351982170859966,0.06319898806927723,0.06287098602832936,0.06253836791580238,0.06220414379011366,0.061871663394074745,0.06154443559920185,0.06122590674258443,0.06091923193573768,0.06062707722169433,0.060351483272348946,0.06009380580932686,0.059854730177397,0.05963434369139085,0.05943224289525344,0.05924765349531255,0.05907954587887547,0.05892673575795016,0.05878796538593282,0.058661964989022736,0.0585474964676294,0.058443382454352114,0.058348523965469336,0.05826190956975722,0.05818261850273158,0.05810981963623388,0.058042767748916445,0.05798079815924324,0.057923320480226276,0.05786981202445735,0.057819811216112134,0.057772911240887286,0.05772875407448416,0.057687024966489725,0.057647447412477876,0.057609778617560406,0.05757380543549468,0.05753934075577602,0.057506220304718456,0.057474299823682226,0.05744345258720093,0.05741356722488109,0.05738454581303829,0.05735630220462657,0.05732876056885589,0.05730185411475944,0.057275523975754764,0.05724971823486139,0.05722439107265982,0.057199502022264405,0.0571750153175624,0.05715089932272126,0.05712712603252135,0.05710367063443125,0.05708051112453938,0.05705762797049455,0.057035003815511964,0.057012623218287116,0.05699047242433874,0.0569685391648902,0.05694681247990491,0.05692528256233056,0.05690394062098733,0.05688277875985606,0.05686178987181224,0.05684096754508708,0.05682030598095681,0.05679979992133658,0.05677944458511577,0.05675923561221593,0.05673916901446065,0.05671924113246419,0.05669944859782898,0.05667978830002597,0.05666025735740532,0.056640853091840304,0.05662157300657406,0.056602414766875275,0.056583376183162316,0.056564455196289866,0.056545649864729035,0.05652695835339779,0.05650837892393404,0.056489909926220876,0.05647154979100108,0.05645329702343385,0.05643515019746585,0.05641710795090522,0.05639916898109955,0.056381332041131424,0.056363595936457685,0.05634595952192665,0.05632842169911744,0.05631098141395166,0.05629363765453785,0.056276389449208535,0.05625923586472443,0.05624217600461524,0.05622520900763693,0.05620833404632767,0.05619155032564338,0.056174857081664066,0.056158253580356664,0.056141739116388555,0.056125313011980475,0.05610897461579883,0.056092723301876035,0.0560765584685615,0.056060479537495704,0.05604448595260794,0.056028577179136424,0.05601275270266649,0.0559970120281914,0.05598135467918983,0.0559657801967245,0.055950288138559096,0.055934878078294746,0.05591954960452687,0.055904302320021027,0.05588913584090939,0.055874049795909285,0.055859043825560256,0.055844117581485345,0.05582927072567219,0.05581450292977696,0.055799813874450696,0.05578520324868686,0.0557706707491934,0.055756216079785675,0.05574183895080263,0.05572753907854609,0.0557133161847418,0.055699169996023354,0.05568510024343722,0.055671106661971954,0.05565718899010666,0.05564334696938295,0.0556295803439958,0.05561588886040738,0.05560227226697945,0.05558873031362676,0.05557526275148907,0.05556186933262283,0.055548549809710204,0.05553530393578833,0.055522131463993145,0.05550903214732284,0.05549600573841595,0.05548305198934588,0.0554701706514321,0.055457361475063444,0.05544462420953848,0.055431958602918434,0.0554193644018928,0.05540684135165916,0.055394389195814304,0.05538200767625644,0.05536969653310007,0.05535745550460089,0.055345284327090405,0.055333182734921056,0.055321150460420104,0.055309187233852176,0.05529729278339169,0.05528546683510016,0.05527370911291453,0.05526201933863962,0.055250397231949515,0.05523884251039337,0.05522735488940843,0.05521593408233792,0.05520457980045441,0.05519329175298798,0.05518206964715896,0.05517091318821411,0.05515982207946803,0.05514879602234726,0.055137834716437545,0.05512693785953443,0.055116105147697325,0.05510533627530429,0.055094630935111175,0.05508398881831097,0.05507340961459652,0.055062893012223474,0.05505243869807574,0.05504204635773174,0.05503171567553088,0.05502144633464341,0.05501123801713716,0.0550010904040481,0.05499100317545007,0.05498097601052474,0.05497100858763134,0.05496110058437721,0.05495125167768756,0.05494146154387563,0.05493172985871191,0.05492205629749317,0.05491244053511102,0.05490288224611975,0.05489338110480373,0.054883936785244,0.05487454896138363,0.0548652173070924,0.05485594149623148,0.05484672120271496,0.05483755610057292,0.05482844586401151,0.054819390167472865,0.0548103886856924,0.05480144109375822,0.05479254706716482,0.054783706281869626,0.05477491841434517,0.05476618314163227,0.05475750014139022,0.05474886909194703,0.05474028967234681,0.05473176156239723,0.054723284442715285,0.0547148579947705,0.054706481900928826,0.054698155844493904,0.054689879509746395,0.05468165258198368,0.0546734747475571,0.05466534569390761,0.05465726510960091,0.05464923268436088,0.05464124810910168,0.0546333110759585,0.05462542127831733,0.05461757841084253,0.05460978216950525,0.054602032251607875,0.05459432835580881,0.05458667018214649,0.05457905743206082,0.054571489808414496,0.05456396701551285,0.05455648875912244,0.05454905474648806,0.05454166468635056,0.05453431828896081,0.05452701526609456,0.05451975533106652,0.05451253819874101,0.05450536358554445,0.054498231209475834,0.054491140790114856,0.05448409204863152,0.05447708470779311,0.05447011849197111,0.054463193127146495,0.054456308340915256,0.05444946386249224,0.054442659422714326,0.054435894754042806,0.054429169590566345,0.054422483668000086,0.05441583672368773,0.05440922849660027,0.054402658727335136,0.05439612715811485,0.054389633532784025,0.05438317759680744,0.0543767590972658,0.054370377782851996,0.05436403340386668,0.054357725712212465,0.05435145446138965,0.05434521940648876,0.05433902030418476,0.054332856912730126,0.054326728991947036,0.05432063630322006,0.054314578609487456,0.05430855567523336,0.054302567266478,0.054296613150769314,0.05429069309717317,0.05428480687626327,0.054278954260111534,0.05427313502227777,0.05426734893779865,0.05426159578317754,0.05425587533637296,0.05425018737678817,0.05424453168525893,0.054238908044043035,0.0542333162368079,0.05422775604861926,0.054222227265928874,0.0542167296765636,0.05421126306971211,0.05420582723591385,0.05420042196704633,0.05419504705631308,0.05418970229823165,0.054184387488621574,0.05417910242459143,0.05417384690452762,0.05416862072808148,0.05416342369615761,0.054158255610901686,0.05415311627568832,0.05414800549510911,0.05414292307496134,0.054137868822235036,0.05413284254510272,0.054127844052906514,0.0541228731561475,0.054117929666474184,0.05411301339667092,0.05410812416064773,0.05410326177342805,0.05409842605113868,0.05409361681099946,0.054088833871312136,0.054084077051450345,0.054079346171849035,0.0540746410539954,0.054069961520417896,0.05406530739467735,0.05406067850135775,0.05405607466605601,0.054051495715373314,0.05404694147690701,0.05404241177924077,0.0540379064519364,0.054033425325525956,0.05402896823150352,0.05402453500231632,0.05402012547135855,0.05401573947296263,0.054011376842392086,0.054007037415835395,0.054002721030397216,0.05399842752409317,0.05399415673584259,0.053989908505462356,0.05398568267366058,0.0539814790820303,0.053977297573044154,0.05397313799004891,0.053969000177258725,0.05396488397975133,0.05396078924346207,0.053956715815178996,0.053952663542538186,0.05394863227401911,0.05394462185893996,0.053940632147453565,0.05393666299054267,0.05393271424001642,0.05392878574850631,0.05392487736946205,0.053920988957148266,0.05391712036664092,0.05391327145382326,0.05390944207538369,0.05390563208881135,0.053901841352394154,0.05389806972521449,0.053894317067147264,0.053890583238857176,0.05388686810179498,0.053883171518195994,0.05387949335107712,0.05387583346423329,0.0538721917222372,0.053868567990435025,0.05386496213494459,0.05386137402265365,0.05385780352121705,0.053854250499055144,0.053850714825350546,0.05384719637004739,0.053843695003848537,0.05384021059821314,0.05383674302535547,0.053833292158242514,0.05382985787059159,0.05382644003686901,0.05382303853228763,0.053819653232805,0.05381628401512154,0.05381293075667825,0.05380959333565508,0.053806271630968266,0.05380296552226918,0.053799674889941626,0.05379639961510008,0.05379313957958743,0.05378989466597306,0.053786664757550305,0.05378344973833502,0.05378024949306278,0.05377706390718643,0.05377389286687502,0.05377073625900947,0.053767593971182595,0.053764465891694806,0.053761351909552633,0.05375825191446563,0.05375516579684492,0.053752093447799236,0.05374903475913319,0.053745989623344335,0.05374295793362078,0.053739939583837416,0.05373693446855432,0.053733942483013004,0.053730963523134084,0.05372799748551328,0.05372504426742011,0.05372210376679268,0.05371917588223609,0.053716260513018525,0.05371335755906809,0.053710466920969625,0.053707588499960976,0.05370472219792999,0.05370186791741066,0.05369902556157949,0.0536961950342523,0.05369337623988037,0.05369056908354606,0.05368777347096037,0.05368498930845784,0.05368221650299323,0.053679454962137364,0.053676704594073775,0.05367396530759308,0.05367123701209069,0.053668519617561895,0.05366581303459698,0.053663117174377786,0.05366043194867357,0.053657757269835786,0.05365509305079413,0.053652439205052256,0.05364979564668304,0.053647162290324214,0.05364453905117288,0.053641925844982716,0.0536393225880571,0.05363672919724609,0.053634145589940556,0.05363157168406824,0.05362900739808803,0.05362645265098554,0.053623907362268346,0.0536213714519606,0.053618844840598104,0.053616327449223504,0.05361381919938071,0.05361132001311052,0.053608829812944604,0.053606348521901166,0.05360387606347895,0.05360141236165229,0.05359895734086656,0.05359651092603128,0.053594073042515934,0.05359164361614461,0.053589222573190126,0.05358680984036834,0.05358440534483406,0.05358200901417367,0.053579620776401195,0.05357724055995191,0.05357486829367687,0.053572503906838036,0.053570147329101356,0.05356779849053259,0.053565457321590244,0.0535631237531214,0.05356079771635478,0.05355847914289557,0.05355616796471989,0.05355386411416811,0.05355156752394057,0.05354927812709068,0.05354699585701896,0.05354472064746845,0.05354245243251757,0.05354019114657488,0.05353793672437345,0.05353568910096412,0.053533448211710556,0.05353121399228267,0.05352898637865134,0.053526765307081586,0.05352455071412728,0.0535223425366251,0.05352014071168838,0.053517945176700936,0.05351575586931184,0.05351357272742848,0.05351139568921069,0.053509224693065696,0.05350705967764059,0.053504900581817366,0.05350274734470616,0.05350059990563991,0.053498458204167425,0.053496322180047996,0.05349419177324447,0.05349206692391844,0.0534899475724225,0.05348783365929557,0.05348572512525568,0.053483621911194296,0.053481523958170525,0.05347943120740408,0.0534773436002695,0.0534752610782904,0.0534731835831328,0.05347111105659907,0.053469043440621596,0.05346698067725692,0.053464922708679065,0.05346286947717397,0.053460820925132456,0.05345877699504489,0.05345673762949437,0.05345470277115065,0.053452672362763944,0.053450646347158993,0.05344862466722836,0.05344660726592635,0.05344459408626304,0.05344258507129812,0.05344058016413435,0.05343857930791101,0.053436582445799144,0.05343458952099346,0.053432600476707726,0.053430615256167616,0.05342863380260532,0.05342665605925239,0.05342468196933429,0.053422711476064484,0.053420744522637544,0.053418781052223564,0.05341682100796191,0.05341486433295522,0.053412910970263204,0.05341096086289682,0.05340901395381163,0.05340707018590285,0.05340512950199855,0.053403191844853856,0.05340125715714522,0.05339932538146437,0.053397396460312774,0.05339547033609467,0.0533935469511131,0.053391626247562496,0.053389708167523794,0.053387792652958656,0.053385879645703814,0.05338396908746496,0.053382060919812034,0.05338015508417324,0.0533782515218293,0.0533763501739089,0.053374450981382666,0.053372553885058016,0.05337065882557403,0.05336876574339626,0.05336687457881173,0.05336498527192404,0.05336309776264788,0.053361211990704475,0.05335932789561718,0.0533574454167062,0.05335556449308472,0.05335368506365297,0.05335180706709568,0.053349930441876046,0.053348055126232946,0.05334618105817538,0.053344308175479804,0.05334243641568538,0.05334056571609015,0.05333869601374814,0.05333682724546498,0.05333495934779518,0.05333309225703797,0.05333122590923513,0.0533293602401675,0.05332749518535205,0.05332563068003935,0.05332376665921107,0.053321903057577356,0.05332003980957464,0.05331817684936422,0.053316314110829106,0.05331445152757352,0.053312589032920944,0.05331072655991251,0.05330886404130599,0.05330700140957555,0.05330513859690946,0.053303275535211664,0.05330141215609931,0.05329954839090404,0.05329768417067185,0.05329581942616316,0.05329395408785337,0.053292088085933824,0.05329022135031335,0.05328835381061843,0.05328648539619591,0.05328461603611397,0.053282745659164944,0.053280874193866554,0.053279001568465836,0.05327712771094145,0.053275252549006294,0.053273376010111735,0.05327149802145112,0.053269618509964076,0.05326773740233973,0.05326585462502296,0.053263970104218156,0.05326208376589484,0.05326019553579336,0.053258305339430476,0.05325641310210601,0.053254518748908734,0.05325262220472409,0.0532507233942404,0.05324882224195687,0.05324691867219183,0.053245012609090474,0.053243103976632664,0.053241192698643795,0.053239278698802024,0.053237361900648685,0.053235442227598434,0.05323351960294894,0.053231593949892124,0.05322966519152439,0.05322773325085846,0.05322579805083482,0.05322385951433417,0.05322191756418905,0.0532199721231969,0.05321802311413338,0.05321607045976539,0.053214114082864916,0.05321215390622322,0.053210189852665214,0.05320822184506427,0.05320624980635697,0.053204273659559424,0.0532022933277817,0.05320030873424531,0.053198319802298305,0.05319632645543297,0.05319432861730266,0.053192326211738514,0.053190319162767674,0.053188307394630895,0.05318629083180081,0.053184269399000964,0.05318224302122328,0.053180211623748246,0.053178175132163344,0.053176133472383466,0.05317408657066959,0.05317203435364951,0.05316997674833757,0.05316791368215561,0.05316584508295285,0.053163770879027114,0.05316169099914577,0.053159605372566816,0.05315751392906027,0.0531554165989292,0.053153313313031914,0.053151204002803425,0.05314908860027696,0.05314696703810626,0.05314483924958756,0.0531427051686817,0.05314056473003606,0.05313841786900672,0.053136264521681624,0.053134104624901576,0.05313193811628338,0.05312976493424158,0.05312758501801192,0.05312539830767219,0.053123204744165174,0.053121004269321315,0.05311879682588011,0.053116582357512425,0.05311436080884282,0.05311213212547126,0.05310989625399471,0.05310765314202961,0.05310540273823223,0.05310314499232165,0.05310087985509972,0.05309860727847283,0.05309632721547341,0.05309403962027925,0.0530917444482358,0.053089441655875556,0.053087131200938456,0.053084813042392306,0.05308248714045211,0.05308015345659986,0.05307781195360359,0.05307546259553692,0.05307310534779754,0.05307074017712604,0.05306836705162349,0.05306598594077071,0.053063596815444966,0.05306119964793749,0.053058794411971866,0.053056381082719435,0.05305395963681661,0.05305153005238164,0.053049092309029384,0.05304664638788829,0.05304419227161498,0.05304172994441013,0.05303925939203201,0.05303678060181234,0.05303429356266975,0.05303179826512357,0.05302929470130772,0.05302678286498347,0.053024262751553,0.053021734358071344,0.053019197683259016,0.05301665272751389,0.053014099492923066,0.053011537983273314,0.05300896820406337,0.05300639016251363,0.05300380386757678,0.05300120932994822,0.05299860656207512,0.05299599557816602,0.05299337639420058,0.052990749027937344,0.052988113498922525,0.05298546982849832,0.05298281803981048,0.05298015815781581,0.05297749020928918,0.05297481422283002,0.05297213022886939,0.05296943825967563,0.05296673834935965,0.05296403053388101,0.05296131485105283,0.052958591340545424,0.052955860043892015,0.05295312100449138,0.05295037426761148,0.052947619880393273,0.05294485789185269,0.05294208835288227,0.0529393113162543,0.052936526836620944,0.05293373497051589,0.05293093577635384,0.05292812931443133,0.05292531564692584,0.05292249483789388,0.05291966695327031,0.05291683206086575,0.05291399023036417,0.05291114153331851,0.05290828604314797,0.05290542383513235,0.05290255498640782,0.05289967957596033,0.05289679768461921,0.05289390939505031,0.05289101479174762,0.052888113961024934,0.052885206991006246,0.0528822939716153,0.05287937499456526,0.0528764501533462,0.05287351954321345,0.05287058326117291,0.052867641405967836,0.052864694078062685,0.052861741379627875,0.052858783414522145,0.052855820288275075,0.05285285210806761,0.0528498789827124,0.05284690102263362,0.05284391833984408,0.052840931047922986,0.052837939261991804,0.05283494309868985,0.05283194267614775,0.0528289381139608,0.05282592953316115,0.05282291705618824,0.05281990080685895,0.05281688091033694,0.05281385749309912,0.052810830682904,0.052807800608756,0.05280476740087098,0.05280173119063916,0.05279869211058801,0.052795650294343965,0.05279260587659276,0.05278955899303864,0.05278650978036338,0.05278345837618393,0.052780404919008504,0.05277734954819328,0.05277429240389606,0.05277123362703147,0.052768173359223056,0.05276511174275625,0.05276204892053015,0.05275898503600751,0.052755920233165776,0.05275285465644554,0.05274978845070047,0.05274672176114469,0.05274365473330062,0.05274058751294653,0.05273752024606247,0.05273445307877735,0.05273138615731424,0.05272831962793626,0.05272525363689156,0.05272218833035889,0.05271912385439172,0.052716060354863765,0.052712997977413086,0.052709936867387217,0.052706877169787336,0.052703819029213485,0.05270076258980943,0.052697707995207295,0.05269465538847348,0.052691604912054074,0.05268855670772071,0.05268551091651761,0.05268246767870713,0.05267942713371855,0.052676389420095324,0.05267335467544336,0.052670323036381125,0.05266729463848831,0.05266426961625775,0.052661248103046204,0.05265823023102667,0.05265521613114171,0.052652205933057895,0.052649199765120724,0.05264619775431005,0.05264320002619912,0.052640206704911076,0.05263721791307935,0.05263423377180757,0.05263125440063251,0.052628279917485796,0.05262531043865941,0.05262234607877003,0.052619386950726814,0.05261643316569937,0.05261348483308667,0.05261054206048919,0.05260760495368011,0.05260467361657884,0.052601748151227284,0.05259882865776536,0.05259591523440869,0.052593007977429176,0.05259010698113409,0.0525872123378498,0.05258432413790447,0.05258144246961327,0.052578567419265435,0.05257569907111111,0.052572837507352005,0.05256998280813075,0.052567135051524494,0.05256429431353713,0.05256146066809477,0.052558634187042375,0.05255581494014023,0.05255300299506435,0.05255019841740523,0.05254740127067044,0.05254461161628636,0.05254182951360358,0.05253905501990023,0.05253628819039018,0.05253352907822934,0.05253077773452451,0.05252803420834386,0.052525298546726794,0.052522570794696494,0.05251985099527241,0.0525171391894841,0.05251443541638669,0.05251173971307577,0.05250905211470433,0.05250637265450023,0.052503701363784766,0.0525010382719911,0.0524983834066842,0.05249573679358229,0.05249309845657677,0.05249046841775464,0.052487846697421035,0.05248523331412248,0.052482628284669826,0.05248003162416294,0.052477443346014965,0.05247486346197804,0.05247229198216775,0.052469728915089726,0.05246717426766542,0.05246462804525939,0.05246209025170494,0.05245956088933249,0.05245703995899578,0.052454527460100236,0.05245202339063044,0.05244952774717758,0.0524470405249681,0.052444561717891275,0.05244209131852781,0.05243962931817735,0.05243717570688769,0.05243473047348198,0.05243229360558798,0.052429865089664775,0.05242744491103251,0.05242503305389935,0.05242262950138945,0.05242023423557095,0.05241784723748378,0.0524154684871667,0.05241309796368466,0.05241073564515633,0.05240838150878013,0.052406035530861955,0.052403697686840486,0.052401367951314524,0.05239904629806765,0.052396732700094706,0.05239442712962702,0.05239212955815718,0.05238983995646371,0.0523875582946362,0.052385284542098655,0.052383018667633306,0.052380760639404764,0.052378510424981845,0.0523762679913618,0.05237403330499201,0.05237180633179109,0.05236958703717225,0.05236737538606365